// Jest Snapshot v1, https://goo.gl/fbAQLP

exports[`BottomNavigation should match the snapshot 1`] = `
.c0 {
  position: -webkit-sticky;
  position: sticky;
  bottom: 0;
  right: 0;
  height: 80px;
  width: 100%;
  z-index: 2;
  background-color: #3E476C;
  position: fixed;
  width: 80px;
  border-radius: 50%;
  bottom: 1rem;
  right: 1rem;
}

@media only screen and (min-width:1280px) {
  .c0 {
    display: none;
  }
}

<div
  className="MuiPaper-root BottomNavigation__Navbar-sc-1b8in4y-0 c0 MuiBottomNavigation-root MuiPaper-elevation2"
>
  <button
    className="MuiButtonBase-root MuiBottomNavigationAction-root"
    disabled={false}
    onBlur={[Function]}
    onClick={[Function]}
    onDragLeave={[Function]}
    onFocus={[Function]}
    onKeyDown={[Function]}
    onKeyUp={[Function]}
    onMouseDown={[Function]}
    onMouseLeave={[Function]}
    onMouseUp={[Function]}
    onTouchEnd={[Function]}
    onTouchMove={[Function]}
    onTouchStart={[Function]}
    tabIndex={0}
    type="button"
  >
    <span
      className="MuiBottomNavigationAction-wrapper"
    >
      <svg
        fill="currentColor"
        height="32px"
        stroke="currentColor"
        strokeWidth="0"
        style={
          Object {
            "color": "#F9E43B",
          }
        }
        viewBox="0 0 24 24"
        width="32px"
        xmlns="http://www.w3.org/2000/svg"
      >
        <path
          d="M3 18h18v-2H3v2zm0-5h18v-2H3v2zm0-7v2h18V6H3z"
        />
      </svg>
      <span
        className="MuiBottomNavigationAction-label"
      >
        <span
          className="MuiTypography-root MuiTypography-h5"
        >
          Menu
        </span>
      </span>
    </span>
  </button>
</div>
`;
