// Jest Snapshot v1, https://goo.gl/fbAQLP

exports[`PortfolioCard should match the snapshot 1`] = `
<article
  className="MuiGrid-root MuiGrid-item MuiGrid-grid-xs-12 MuiGrid-grid-sm-6 MuiGrid-grid-md-6 MuiGrid-grid-lg-6 MuiGrid-grid-xl-6"
>
  <a
    className="ProjectCard__ProjectLink-sc-1gbw476-0 bvhyJN"
    href="/cash-pawn-jewelry-website/"
  >
    <div
      className="MuiPaper-root MuiCard-root MuiPaper-elevation1 MuiPaper-rounded"
    >
      <button
        className="MuiButtonBase-root MuiCardActionArea-root"
        disabled={false}
        onBlur={[Function]}
        onDragLeave={[Function]}
        onFocus={[Function]}
        onKeyDown={[Function]}
        onKeyUp={[Function]}
        onMouseDown={[Function]}
        onMouseLeave={[Function]}
        onMouseUp={[Function]}
        onTouchEnd={[Function]}
        onTouchMove={[Function]}
        onTouchStart={[Function]}
        tabIndex={0}
        type="button"
      >
        <div
          className=" gatsby-image-wrapper"
          style={
            Object {
              "overflow": "hidden",
              "position": "relative",
            }
          }
        >
          <div
            aria-hidden={true}
            style={
              Object {
                "paddingBottom": "57.708333333333336%",
                "width": "100%",
              }
            }
          />
          <img
            alt=""
            aria-hidden={true}
            src="data:image/jpeg;base64,/9j/2wBDABALDA4MChAODQ4SERATGCgaGBYWGDEjJR0oOjM9PDkzODdASFxOQERXRTc4UG1RV19iZ2hnPk1xeXBkeFxlZ2P/2wBDARESEhgVGC8aGi9jQjhCY2NjY2NjY2NjY2NjY2NjY2NjY2NjY2NjY2NjY2NjY2NjY2NjY2NjY2NjY2NjY2NjY2P/wgARCAAMABQDASIAAhEBAxEB/8QAFwAAAwEAAAAAAAAAAAAAAAAAAAQFA//EABYBAQEBAAAAAAAAAAAAAAAAAAABAv/aAAwDAQACEAMQAAABfn1McHAI/8QAGhAAAQUBAAAAAAAAAAAAAAAAAAECAwQSEf/aAAgBAQABBQKw7MNaR6yD1NL0/8QAFBEBAAAAAAAAAAAAAAAAAAAAEP/aAAgBAwEBPwE//8QAFBEBAAAAAAAAAAAAAAAAAAAAEP/aAAgBAgEBPwE//8QAGBABAAMBAAAAAAAAAAAAAAAAAQACISD/2gAIAQEABj8CsmTbLz//xAAcEAEAAQQDAAAAAAAAAAAAAAABEQAQITFhcYH/2gAIAQEAAT8hZ1IjNMgSNNkEMQ8UAIg86t//2gAMAwEAAgADAAAAEDQf/8QAFBEBAAAAAAAAAAAAAAAAAAAAEP/aAAgBAwEBPxA//8QAFhEBAQEAAAAAAAAAAAAAAAAAARAh/9oACAECAQE/EByf/8QAHBABAAEEAwAAAAAAAAAAAAAAASEAEBExQWHR/9oACAEBAAE/EMUGYHZNMgzReybGoQSIeSjQZkIJt9Nv/9k="
            style={
              Object {
                "height": "100%",
                "left": 0,
                "objectFit": "cover",
                "objectPosition": "center",
                "opacity": 1,
                "position": "absolute",
                "top": 0,
                "transitionDelay": "500ms",
                "width": "100%",
              }
            }
          />
          <picture>
            <source
              sizes="(max-width: 1920px) 100vw, 1920px"
              srcSet="/static/56d0aba06cc4aae5197224cac0f73af4/9104c/cash-pawn_1.jpg 480w,
/static/56d0aba06cc4aae5197224cac0f73af4/a6352/cash-pawn_1.jpg 960w,
/static/56d0aba06cc4aae5197224cac0f73af4/d8255/cash-pawn_1.jpg 1920w,
/static/56d0aba06cc4aae5197224cac0f73af4/af56c/cash-pawn_1.jpg 2880w,
/static/56d0aba06cc4aae5197224cac0f73af4/4ee3c/cash-pawn_1.jpg 3554w"
            />
            <img
              alt="First slide"
              loading="lazy"
              onLoad={[Function]}
              sizes="(max-width: 1920px) 100vw, 1920px"
              src="/static/56d0aba06cc4aae5197224cac0f73af4/d8255/cash-pawn_1.jpg"
              srcSet="/static/56d0aba06cc4aae5197224cac0f73af4/9104c/cash-pawn_1.jpg 480w,
/static/56d0aba06cc4aae5197224cac0f73af4/a6352/cash-pawn_1.jpg 960w,
/static/56d0aba06cc4aae5197224cac0f73af4/d8255/cash-pawn_1.jpg 1920w,
/static/56d0aba06cc4aae5197224cac0f73af4/af56c/cash-pawn_1.jpg 2880w,
/static/56d0aba06cc4aae5197224cac0f73af4/4ee3c/cash-pawn_1.jpg 3554w"
              style={
                Object {
                  "height": "100%",
                  "left": 0,
                  "objectFit": "cover",
                  "objectPosition": "center",
                  "opacity": 0,
                  "position": "absolute",
                  "top": 0,
                  "transition": "opacity 500ms",
                  "width": "100%",
                }
              }
            />
          </picture>
          <noscript
            dangerouslySetInnerHTML={
              Object {
                "__html": "<picture><source srcset=\\"/static/56d0aba06cc4aae5197224cac0f73af4/9104c/cash-pawn_1.jpg 480w,
/static/56d0aba06cc4aae5197224cac0f73af4/a6352/cash-pawn_1.jpg 960w,
/static/56d0aba06cc4aae5197224cac0f73af4/d8255/cash-pawn_1.jpg 1920w,
/static/56d0aba06cc4aae5197224cac0f73af4/af56c/cash-pawn_1.jpg 2880w,
/static/56d0aba06cc4aae5197224cac0f73af4/4ee3c/cash-pawn_1.jpg 3554w\\" sizes=\\"(max-width: 1920px) 100vw, 1920px\\" /><img loading=\\"lazy\\" sizes=\\"(max-width: 1920px) 100vw, 1920px\\" srcset=\\"/static/56d0aba06cc4aae5197224cac0f73af4/9104c/cash-pawn_1.jpg 480w,
/static/56d0aba06cc4aae5197224cac0f73af4/a6352/cash-pawn_1.jpg 960w,
/static/56d0aba06cc4aae5197224cac0f73af4/d8255/cash-pawn_1.jpg 1920w,
/static/56d0aba06cc4aae5197224cac0f73af4/af56c/cash-pawn_1.jpg 2880w,
/static/56d0aba06cc4aae5197224cac0f73af4/4ee3c/cash-pawn_1.jpg 3554w\\" src=\\"/static/56d0aba06cc4aae5197224cac0f73af4/d8255/cash-pawn_1.jpg\\" alt=\\"First slide\\" style=\\"position:absolute;top:0;left:0;opacity:1;width:100%;height:100%;object-fit:cover;object-position:center\\"/></picture>",
              }
            }
          />
        </div>
        <div
          className="MuiCardContent-root"
        >
          <h2
            className="MuiTypography-root MuiTypography-h5 MuiTypography-gutterBottom"
          >
            Cash Pawn & Jewelry Website
          </h2>
          <p
            className="MuiTypography-root MuiTypography-body1"
          >
            A professional website built for Cash Pawn & Jewelry using Gatsby and React.js.
          </p>
        </div>
        <span
          className="MuiCardActionArea-focusHighlight"
        />
      </button>
    </div>
  </a>
</article>
`;
